// Jest Snapshot v1, https://goo.gl/fbAQLP

exports[`Edit Book Container Should render correctly 1`] = `
<div
  className="container main-content"
>
  <div
    className="editBookForm"
  >
    <h4
      className="center-align"
    >
      Update Book
    </h4>
    <form
      className="form col s12"
      onSubmit={[Function]}
    >
      <div
        className="row"
      >
        <div
          className="input-field col s12"
        >
          <input
            className="name"
            id="name"
            name="name"
            onChange={[Function]}
            placeholder="Book Name"
            type="text"
            value=""
          />
        </div>
        <div
          className="input-field col s12"
        >
          <input
            className="Author"
            id="author"
            name="author"
            onChange={[Function]}
            placeholder="Book Author"
            type="text"
            value=""
          />
        </div>
      </div>
      <div
        className="row"
      >
        <div
          className="input-field col s12"
        >
          <input
            className="description"
            id="description"
            name="description"
            onChange={[Function]}
            placeholder="Book Description"
            type="text"
            value=""
          />
        </div>
      </div>
      <button
        className="waves-effect waves-light btn-small"
        type="submit"
      >
        update Book
      </button>
    </form>
  </div>
</div>
`;
